

================================================================
== Vivado HLS Report for 'conv_2d_cl_me_ap_fixed_ap_fixed_16_4_5_3_0_config9_s'
================================================================
* Date:           Fri Aug  5 17:07:01 2022

* Version:        2019.2 (Build 2704478 on Wed Nov 06 22:10:23 MST 2019)
* Project:        myproject_prj
* Solution:       solution1
* Product family: kintexu
* Target device:  xcku115-flvb2104-2-i


================================================================
== Performance Estimates
================================================================
+ Timing: 
    * Summary: 
    +--------+---------+----------+------------+
    |  Clock |  Target | Estimated| Uncertainty|
    +--------+---------+----------+------------+
    |ap_clk  | 5.00 ns | 4.290 ns |   0.62 ns  |
    +--------+---------+----------+------------+

+ Latency: 
    * Summary: 
    +---------+---------+----------+----------+--------+--------+---------+
    |  Latency (cycles) |  Latency (absolute) |     Interval    | Pipeline|
    |   min   |   max   |    min   |    max   |   min  |   max  |   Type  |
    +---------+---------+----------+----------+--------+--------+---------+
    |   267615|   397954| 1.338 ms | 1.990 ms |  267615|  397954|   none  |
    +---------+---------+----------+----------+--------+--------+---------+

    + Detail: 
        * Instance: 
        +-------------------------------------------------------------------+-------------------------------------------------------+---------+---------+----------+----------+-----+-----+----------+
        |                                                                   |                                                       |  Latency (cycles) |  Latency (absolute) |  Interval | Pipeline |
        |                              Instance                             |                         Module                        |   min   |   max   |    min   |    max   | min | max |   Type   |
        +-------------------------------------------------------------------+-------------------------------------------------------+---------+---------+----------+----------+-----+-----+----------+
        |grp_cnnshift_arr_ap_fixed_ap_fixed_16_4_5_3_0_config9_s_fu_2129    |cnnshift_arr_ap_fixed_ap_fixed_16_4_5_3_0_config9_s    |      889|      889| 4.445 us | 4.445 us |  889|  889|   none   |
        |grp_product_dense_ap_fixed_ap_fixed_ap_fixed_16_4_5_3_0_s_fu_2264  |product_dense_ap_fixed_ap_fixed_ap_fixed_16_4_5_3_0_s  |        1|        1| 5.000 ns | 5.000 ns |    1|    1| function |
        |grp_product_dense_ap_fixed_ap_fixed_ap_fixed_16_4_5_3_0_s_fu_2270  |product_dense_ap_fixed_ap_fixed_ap_fixed_16_4_5_3_0_s  |        1|        1| 5.000 ns | 5.000 ns |    1|    1| function |
        |grp_product_dense_ap_fixed_ap_fixed_ap_fixed_16_4_5_3_0_s_fu_2276  |product_dense_ap_fixed_ap_fixed_ap_fixed_16_4_5_3_0_s  |        1|        1| 5.000 ns | 5.000 ns |    1|    1| function |
        |grp_product_dense_ap_fixed_ap_fixed_ap_fixed_16_4_5_3_0_s_fu_2282  |product_dense_ap_fixed_ap_fixed_ap_fixed_16_4_5_3_0_s  |        1|        1| 5.000 ns | 5.000 ns |    1|    1| function |
        |grp_product_dense_ap_fixed_ap_fixed_ap_fixed_16_4_5_3_0_s_fu_2288  |product_dense_ap_fixed_ap_fixed_ap_fixed_16_4_5_3_0_s  |        1|        1| 5.000 ns | 5.000 ns |    1|    1| function |
        |grp_product_dense_ap_fixed_ap_fixed_ap_fixed_16_4_5_3_0_s_fu_2294  |product_dense_ap_fixed_ap_fixed_ap_fixed_16_4_5_3_0_s  |        1|        1| 5.000 ns | 5.000 ns |    1|    1| function |
        |grp_product_dense_ap_fixed_ap_fixed_ap_fixed_16_4_5_3_0_s_fu_2300  |product_dense_ap_fixed_ap_fixed_ap_fixed_16_4_5_3_0_s  |        1|        1| 5.000 ns | 5.000 ns |    1|    1| function |
        |grp_product_dense_ap_fixed_ap_fixed_ap_fixed_16_4_5_3_0_s_fu_2306  |product_dense_ap_fixed_ap_fixed_ap_fixed_16_4_5_3_0_s  |        1|        1| 5.000 ns | 5.000 ns |    1|    1| function |
        |grp_product_dense_ap_fixed_ap_fixed_ap_fixed_16_4_5_3_0_s_fu_2312  |product_dense_ap_fixed_ap_fixed_ap_fixed_16_4_5_3_0_s  |        1|        1| 5.000 ns | 5.000 ns |    1|    1| function |
        |grp_product_dense_ap_fixed_ap_fixed_ap_fixed_16_4_5_3_0_s_fu_2318  |product_dense_ap_fixed_ap_fixed_ap_fixed_16_4_5_3_0_s  |        1|        1| 5.000 ns | 5.000 ns |    1|    1| function |
        |grp_product_dense_ap_fixed_ap_fixed_ap_fixed_16_4_5_3_0_s_fu_2324  |product_dense_ap_fixed_ap_fixed_ap_fixed_16_4_5_3_0_s  |        1|        1| 5.000 ns | 5.000 ns |    1|    1| function |
        |grp_product_dense_ap_fixed_ap_fixed_ap_fixed_16_4_5_3_0_s_fu_2330  |product_dense_ap_fixed_ap_fixed_ap_fixed_16_4_5_3_0_s  |        1|        1| 5.000 ns | 5.000 ns |    1|    1| function |
        |grp_product_dense_ap_fixed_ap_fixed_ap_fixed_16_4_5_3_0_s_fu_2336  |product_dense_ap_fixed_ap_fixed_ap_fixed_16_4_5_3_0_s  |        1|        1| 5.000 ns | 5.000 ns |    1|    1| function |
        |grp_product_dense_ap_fixed_ap_fixed_ap_fixed_16_4_5_3_0_s_fu_2342  |product_dense_ap_fixed_ap_fixed_ap_fixed_16_4_5_3_0_s  |        1|        1| 5.000 ns | 5.000 ns |    1|    1| function |
        |grp_product_dense_ap_fixed_ap_fixed_ap_fixed_16_4_5_3_0_s_fu_2348  |product_dense_ap_fixed_ap_fixed_ap_fixed_16_4_5_3_0_s  |        1|        1| 5.000 ns | 5.000 ns |    1|    1| function |
        |grp_product_dense_ap_fixed_ap_fixed_ap_fixed_16_4_5_3_0_s_fu_2354  |product_dense_ap_fixed_ap_fixed_ap_fixed_16_4_5_3_0_s  |        1|        1| 5.000 ns | 5.000 ns |    1|    1| function |
        |grp_product_dense_ap_fixed_ap_fixed_ap_fixed_16_4_5_3_0_s_fu_2360  |product_dense_ap_fixed_ap_fixed_ap_fixed_16_4_5_3_0_s  |        1|        1| 5.000 ns | 5.000 ns |    1|    1| function |
        |grp_product_dense_ap_fixed_ap_fixed_ap_fixed_16_4_5_3_0_s_fu_2366  |product_dense_ap_fixed_ap_fixed_ap_fixed_16_4_5_3_0_s  |        1|        1| 5.000 ns | 5.000 ns |    1|    1| function |
        |grp_product_dense_ap_fixed_ap_fixed_ap_fixed_16_4_5_3_0_s_fu_2372  |product_dense_ap_fixed_ap_fixed_ap_fixed_16_4_5_3_0_s  |        1|        1| 5.000 ns | 5.000 ns |    1|    1| function |
        |grp_product_dense_ap_fixed_ap_fixed_ap_fixed_16_4_5_3_0_s_fu_2378  |product_dense_ap_fixed_ap_fixed_ap_fixed_16_4_5_3_0_s  |        1|        1| 5.000 ns | 5.000 ns |    1|    1| function |
        |grp_product_dense_ap_fixed_ap_fixed_ap_fixed_16_4_5_3_0_s_fu_2384  |product_dense_ap_fixed_ap_fixed_ap_fixed_16_4_5_3_0_s  |        1|        1| 5.000 ns | 5.000 ns |    1|    1| function |
        |grp_product_dense_ap_fixed_ap_fixed_ap_fixed_16_4_5_3_0_s_fu_2390  |product_dense_ap_fixed_ap_fixed_ap_fixed_16_4_5_3_0_s  |        1|        1| 5.000 ns | 5.000 ns |    1|    1| function |
        |grp_product_dense_ap_fixed_ap_fixed_ap_fixed_16_4_5_3_0_s_fu_2396  |product_dense_ap_fixed_ap_fixed_ap_fixed_16_4_5_3_0_s  |        1|        1| 5.000 ns | 5.000 ns |    1|    1| function |
        |grp_product_dense_ap_fixed_ap_fixed_ap_fixed_16_4_5_3_0_s_fu_2402  |product_dense_ap_fixed_ap_fixed_ap_fixed_16_4_5_3_0_s  |        1|        1| 5.000 ns | 5.000 ns |    1|    1| function |
        |grp_product_dense_ap_fixed_ap_fixed_ap_fixed_16_4_5_3_0_s_fu_2408  |product_dense_ap_fixed_ap_fixed_ap_fixed_16_4_5_3_0_s  |        1|        1| 5.000 ns | 5.000 ns |    1|    1| function |
        |grp_product_dense_ap_fixed_ap_fixed_ap_fixed_16_4_5_3_0_s_fu_2414  |product_dense_ap_fixed_ap_fixed_ap_fixed_16_4_5_3_0_s  |        1|        1| 5.000 ns | 5.000 ns |    1|    1| function |
        |grp_product_dense_ap_fixed_ap_fixed_ap_fixed_16_4_5_3_0_s_fu_2420  |product_dense_ap_fixed_ap_fixed_ap_fixed_16_4_5_3_0_s  |        1|        1| 5.000 ns | 5.000 ns |    1|    1| function |
        |grp_product_dense_ap_fixed_ap_fixed_ap_fixed_16_4_5_3_0_s_fu_2426  |product_dense_ap_fixed_ap_fixed_ap_fixed_16_4_5_3_0_s  |        1|        1| 5.000 ns | 5.000 ns |    1|    1| function |
        |grp_product_dense_ap_fixed_ap_fixed_ap_fixed_16_4_5_3_0_s_fu_2432  |product_dense_ap_fixed_ap_fixed_ap_fixed_16_4_5_3_0_s  |        1|        1| 5.000 ns | 5.000 ns |    1|    1| function |
        |grp_product_dense_ap_fixed_ap_fixed_ap_fixed_16_4_5_3_0_s_fu_2438  |product_dense_ap_fixed_ap_fixed_ap_fixed_16_4_5_3_0_s  |        1|        1| 5.000 ns | 5.000 ns |    1|    1| function |
        |grp_product_dense_ap_fixed_ap_fixed_ap_fixed_16_4_5_3_0_s_fu_2444  |product_dense_ap_fixed_ap_fixed_ap_fixed_16_4_5_3_0_s  |        1|        1| 5.000 ns | 5.000 ns |    1|    1| function |
        |grp_product_dense_ap_fixed_ap_fixed_ap_fixed_16_4_5_3_0_s_fu_2450  |product_dense_ap_fixed_ap_fixed_ap_fixed_16_4_5_3_0_s  |        1|        1| 5.000 ns | 5.000 ns |    1|    1| function |
        |grp_product_dense_ap_fixed_ap_fixed_ap_fixed_16_4_5_3_0_s_fu_2456  |product_dense_ap_fixed_ap_fixed_ap_fixed_16_4_5_3_0_s  |        1|        1| 5.000 ns | 5.000 ns |    1|    1| function |
        |grp_product_dense_ap_fixed_ap_fixed_ap_fixed_16_4_5_3_0_s_fu_2462  |product_dense_ap_fixed_ap_fixed_ap_fixed_16_4_5_3_0_s  |        1|        1| 5.000 ns | 5.000 ns |    1|    1| function |
        |grp_product_dense_ap_fixed_ap_fixed_ap_fixed_16_4_5_3_0_s_fu_2468  |product_dense_ap_fixed_ap_fixed_ap_fixed_16_4_5_3_0_s  |        1|        1| 5.000 ns | 5.000 ns |    1|    1| function |
        |grp_product_dense_ap_fixed_ap_fixed_ap_fixed_16_4_5_3_0_s_fu_2474  |product_dense_ap_fixed_ap_fixed_ap_fixed_16_4_5_3_0_s  |        1|        1| 5.000 ns | 5.000 ns |    1|    1| function |
        |grp_product_dense_ap_fixed_ap_fixed_ap_fixed_16_4_5_3_0_s_fu_2480  |product_dense_ap_fixed_ap_fixed_ap_fixed_16_4_5_3_0_s  |        1|        1| 5.000 ns | 5.000 ns |    1|    1| function |
        |grp_product_dense_ap_fixed_ap_fixed_ap_fixed_16_4_5_3_0_s_fu_2486  |product_dense_ap_fixed_ap_fixed_ap_fixed_16_4_5_3_0_s  |        1|        1| 5.000 ns | 5.000 ns |    1|    1| function |
        |grp_product_dense_ap_fixed_ap_fixed_ap_fixed_16_4_5_3_0_s_fu_2492  |product_dense_ap_fixed_ap_fixed_ap_fixed_16_4_5_3_0_s  |        1|        1| 5.000 ns | 5.000 ns |    1|    1| function |
        |grp_product_dense_ap_fixed_ap_fixed_ap_fixed_16_4_5_3_0_s_fu_2498  |product_dense_ap_fixed_ap_fixed_ap_fixed_16_4_5_3_0_s  |        1|        1| 5.000 ns | 5.000 ns |    1|    1| function |
        |grp_product_dense_ap_fixed_ap_fixed_ap_fixed_16_4_5_3_0_s_fu_2504  |product_dense_ap_fixed_ap_fixed_ap_fixed_16_4_5_3_0_s  |        1|        1| 5.000 ns | 5.000 ns |    1|    1| function |
        |grp_product_dense_ap_fixed_ap_fixed_ap_fixed_16_4_5_3_0_s_fu_2510  |product_dense_ap_fixed_ap_fixed_ap_fixed_16_4_5_3_0_s  |        1|        1| 5.000 ns | 5.000 ns |    1|    1| function |
        |grp_product_dense_ap_fixed_ap_fixed_ap_fixed_16_4_5_3_0_s_fu_2516  |product_dense_ap_fixed_ap_fixed_ap_fixed_16_4_5_3_0_s  |        1|        1| 5.000 ns | 5.000 ns |    1|    1| function |
        |grp_product_dense_ap_fixed_ap_fixed_ap_fixed_16_4_5_3_0_s_fu_2522  |product_dense_ap_fixed_ap_fixed_ap_fixed_16_4_5_3_0_s  |        1|        1| 5.000 ns | 5.000 ns |    1|    1| function |
        |grp_product_dense_ap_fixed_ap_fixed_ap_fixed_16_4_5_3_0_s_fu_2528  |product_dense_ap_fixed_ap_fixed_ap_fixed_16_4_5_3_0_s  |        1|        1| 5.000 ns | 5.000 ns |    1|    1| function |
        |grp_product_dense_ap_fixed_ap_fixed_ap_fixed_16_4_5_3_0_s_fu_2534  |product_dense_ap_fixed_ap_fixed_ap_fixed_16_4_5_3_0_s  |        1|        1| 5.000 ns | 5.000 ns |    1|    1| function |
        |grp_product_dense_ap_fixed_ap_fixed_ap_fixed_16_4_5_3_0_s_fu_2540  |product_dense_ap_fixed_ap_fixed_ap_fixed_16_4_5_3_0_s  |        1|        1| 5.000 ns | 5.000 ns |    1|    1| function |
        |grp_product_dense_ap_fixed_ap_fixed_ap_fixed_16_4_5_3_0_s_fu_2546  |product_dense_ap_fixed_ap_fixed_ap_fixed_16_4_5_3_0_s  |        1|        1| 5.000 ns | 5.000 ns |    1|    1| function |
        |grp_product_dense_ap_fixed_ap_fixed_ap_fixed_16_4_5_3_0_s_fu_2552  |product_dense_ap_fixed_ap_fixed_ap_fixed_16_4_5_3_0_s  |        1|        1| 5.000 ns | 5.000 ns |    1|    1| function |
        |grp_product_dense_ap_fixed_ap_fixed_ap_fixed_16_4_5_3_0_s_fu_2558  |product_dense_ap_fixed_ap_fixed_ap_fixed_16_4_5_3_0_s  |        1|        1| 5.000 ns | 5.000 ns |    1|    1| function |
        |grp_product_dense_ap_fixed_ap_fixed_ap_fixed_16_4_5_3_0_s_fu_2564  |product_dense_ap_fixed_ap_fixed_ap_fixed_16_4_5_3_0_s  |        1|        1| 5.000 ns | 5.000 ns |    1|    1| function |
        |grp_product_dense_ap_fixed_ap_fixed_ap_fixed_16_4_5_3_0_s_fu_2570  |product_dense_ap_fixed_ap_fixed_ap_fixed_16_4_5_3_0_s  |        1|        1| 5.000 ns | 5.000 ns |    1|    1| function |
        |grp_product_dense_ap_fixed_ap_fixed_ap_fixed_16_4_5_3_0_s_fu_2576  |product_dense_ap_fixed_ap_fixed_ap_fixed_16_4_5_3_0_s  |        1|        1| 5.000 ns | 5.000 ns |    1|    1| function |
        |grp_product_dense_ap_fixed_ap_fixed_ap_fixed_16_4_5_3_0_s_fu_2582  |product_dense_ap_fixed_ap_fixed_ap_fixed_16_4_5_3_0_s  |        1|        1| 5.000 ns | 5.000 ns |    1|    1| function |
        |grp_product_dense_ap_fixed_ap_fixed_ap_fixed_16_4_5_3_0_s_fu_2588  |product_dense_ap_fixed_ap_fixed_ap_fixed_16_4_5_3_0_s  |        1|        1| 5.000 ns | 5.000 ns |    1|    1| function |
        |grp_product_dense_ap_fixed_ap_fixed_ap_fixed_16_4_5_3_0_s_fu_2594  |product_dense_ap_fixed_ap_fixed_ap_fixed_16_4_5_3_0_s  |        1|        1| 5.000 ns | 5.000 ns |    1|    1| function |
        |grp_product_dense_ap_fixed_ap_fixed_ap_fixed_16_4_5_3_0_s_fu_2600  |product_dense_ap_fixed_ap_fixed_ap_fixed_16_4_5_3_0_s  |        1|        1| 5.000 ns | 5.000 ns |    1|    1| function |
        |grp_product_dense_ap_fixed_ap_fixed_ap_fixed_16_4_5_3_0_s_fu_2606  |product_dense_ap_fixed_ap_fixed_ap_fixed_16_4_5_3_0_s  |        1|        1| 5.000 ns | 5.000 ns |    1|    1| function |
        |grp_product_dense_ap_fixed_ap_fixed_ap_fixed_16_4_5_3_0_s_fu_2612  |product_dense_ap_fixed_ap_fixed_ap_fixed_16_4_5_3_0_s  |        1|        1| 5.000 ns | 5.000 ns |    1|    1| function |
        |grp_product_dense_ap_fixed_ap_fixed_ap_fixed_16_4_5_3_0_s_fu_2618  |product_dense_ap_fixed_ap_fixed_ap_fixed_16_4_5_3_0_s  |        1|        1| 5.000 ns | 5.000 ns |    1|    1| function |
        |grp_product_dense_ap_fixed_ap_fixed_ap_fixed_16_4_5_3_0_s_fu_2624  |product_dense_ap_fixed_ap_fixed_ap_fixed_16_4_5_3_0_s  |        1|        1| 5.000 ns | 5.000 ns |    1|    1| function |
        |grp_product_dense_ap_fixed_ap_fixed_ap_fixed_16_4_5_3_0_s_fu_2630  |product_dense_ap_fixed_ap_fixed_ap_fixed_16_4_5_3_0_s  |        1|        1| 5.000 ns | 5.000 ns |    1|    1| function |
        |grp_product_dense_ap_fixed_ap_fixed_ap_fixed_16_4_5_3_0_s_fu_2636  |product_dense_ap_fixed_ap_fixed_ap_fixed_16_4_5_3_0_s  |        1|        1| 5.000 ns | 5.000 ns |    1|    1| function |
        |grp_product_dense_ap_fixed_ap_fixed_ap_fixed_16_4_5_3_0_s_fu_2642  |product_dense_ap_fixed_ap_fixed_ap_fixed_16_4_5_3_0_s  |        1|        1| 5.000 ns | 5.000 ns |    1|    1| function |
        +-------------------------------------------------------------------+-------------------------------------------------------+---------+---------+----------+----------+-----+-----+----------+

        * Loop: 
        +-------------+---------+---------+------------+-----------+-----------+------+----------+
        |             |  Latency (cycles) |  Iteration |  Initiation Interval  | Trip |          |
        |  Loop Name  |   min   |   max   |   Latency  |  achieved |   target  | Count| Pipelined|
        +-------------+---------+---------+------------+-----------+-----------+------+----------+
        |- Loop 1     |   267614|   397953| 926 ~ 1377 |          -|          -|   289|    no    |
        | + Loop 1.1  |       32|       32|           1|          -|          -|    32|    no    |
        | + Loop 1.2  |      290|      290|           4|          1|          1|   288|    yes   |
        | + CastLoop  |      128|      128|           2|          -|          -|    64|    no    |
        +-------------+---------+---------+------------+-----------+-----------+------+----------+



================================================================
== Utilization Estimates
================================================================
* Summary: 
+---------------------+---------+-------+---------+--------+-----+
|         Name        | BRAM_18K| DSP48E|    FF   |   LUT  | URAM|
+---------------------+---------+-------+---------+--------+-----+
|DSP                  |        -|      -|        -|       -|    -|
|Expression           |        -|      -|        0|    1944|    -|
|FIFO                 |        -|      -|        -|       -|    -|
|Instance             |        1|     64|     2555|    2022|    0|
|Memory               |       13|      -|       32|       8|    0|
|Multiplexer          |        -|      -|        -|    1603|    -|
|Register             |        0|      -|     1778|       1|    -|
+---------------------+---------+-------+---------+--------+-----+
|Total                |       14|     64|     4365|    5578|    0|
+---------------------+---------+-------+---------+--------+-----+
|Available SLR        |     2160|   2760|   663360|  331680|    0|
+---------------------+---------+-------+---------+--------+-----+
|Utilization SLR (%)  |    ~0   |      2|    ~0   |       1|  100|
+---------------------+---------+-------+---------+--------+-----+
|Available            |     4320|   5520|  1326720|  663360|    0|
+---------------------+---------+-------+---------+--------+-----+
|Utilization (%)      |    ~0   |      1|    ~0   |   ~0   |    0|
+---------------------+---------+-------+---------+--------+-----+

+ Detail: 
    * Instance: 
    +-------------------------------------------------------------------+-------------------------------------------------------+---------+-------+-----+------+-----+
    |                              Instance                             |                         Module                        | BRAM_18K| DSP48E|  FF |  LUT | URAM|
    +-------------------------------------------------------------------+-------------------------------------------------------+---------+-------+-----+------+-----+
    |grp_cnnshift_arr_ap_fixed_ap_fixed_16_4_5_3_0_config9_s_fu_2129    |cnnshift_arr_ap_fixed_ap_fixed_16_4_5_3_0_config9_s    |        1|      0|  123|  1446|    0|
    |grp_product_dense_ap_fixed_ap_fixed_ap_fixed_16_4_5_3_0_s_fu_2264  |product_dense_ap_fixed_ap_fixed_ap_fixed_16_4_5_3_0_s  |        0|      1|   38|     9|    0|
    |grp_product_dense_ap_fixed_ap_fixed_ap_fixed_16_4_5_3_0_s_fu_2270  |product_dense_ap_fixed_ap_fixed_ap_fixed_16_4_5_3_0_s  |        0|      1|   38|     9|    0|
    |grp_product_dense_ap_fixed_ap_fixed_ap_fixed_16_4_5_3_0_s_fu_2276  |product_dense_ap_fixed_ap_fixed_ap_fixed_16_4_5_3_0_s  |        0|      1|   38|     9|    0|
    |grp_product_dense_ap_fixed_ap_fixed_ap_fixed_16_4_5_3_0_s_fu_2282  |product_dense_ap_fixed_ap_fixed_ap_fixed_16_4_5_3_0_s  |        0|      1|   38|     9|    0|
    |grp_product_dense_ap_fixed_ap_fixed_ap_fixed_16_4_5_3_0_s_fu_2288  |product_dense_ap_fixed_ap_fixed_ap_fixed_16_4_5_3_0_s  |        0|      1|   38|     9|    0|
    |grp_product_dense_ap_fixed_ap_fixed_ap_fixed_16_4_5_3_0_s_fu_2294  |product_dense_ap_fixed_ap_fixed_ap_fixed_16_4_5_3_0_s  |        0|      1|   38|     9|    0|
    |grp_product_dense_ap_fixed_ap_fixed_ap_fixed_16_4_5_3_0_s_fu_2300  |product_dense_ap_fixed_ap_fixed_ap_fixed_16_4_5_3_0_s  |        0|      1|   38|     9|    0|
    |grp_product_dense_ap_fixed_ap_fixed_ap_fixed_16_4_5_3_0_s_fu_2306  |product_dense_ap_fixed_ap_fixed_ap_fixed_16_4_5_3_0_s  |        0|      1|   38|     9|    0|
    |grp_product_dense_ap_fixed_ap_fixed_ap_fixed_16_4_5_3_0_s_fu_2312  |product_dense_ap_fixed_ap_fixed_ap_fixed_16_4_5_3_0_s  |        0|      1|   38|     9|    0|
    |grp_product_dense_ap_fixed_ap_fixed_ap_fixed_16_4_5_3_0_s_fu_2318  |product_dense_ap_fixed_ap_fixed_ap_fixed_16_4_5_3_0_s  |        0|      1|   38|     9|    0|
    |grp_product_dense_ap_fixed_ap_fixed_ap_fixed_16_4_5_3_0_s_fu_2324  |product_dense_ap_fixed_ap_fixed_ap_fixed_16_4_5_3_0_s  |        0|      1|   38|     9|    0|
    |grp_product_dense_ap_fixed_ap_fixed_ap_fixed_16_4_5_3_0_s_fu_2330  |product_dense_ap_fixed_ap_fixed_ap_fixed_16_4_5_3_0_s  |        0|      1|   38|     9|    0|
    |grp_product_dense_ap_fixed_ap_fixed_ap_fixed_16_4_5_3_0_s_fu_2336  |product_dense_ap_fixed_ap_fixed_ap_fixed_16_4_5_3_0_s  |        0|      1|   38|     9|    0|
    |grp_product_dense_ap_fixed_ap_fixed_ap_fixed_16_4_5_3_0_s_fu_2342  |product_dense_ap_fixed_ap_fixed_ap_fixed_16_4_5_3_0_s  |        0|      1|   38|     9|    0|
    |grp_product_dense_ap_fixed_ap_fixed_ap_fixed_16_4_5_3_0_s_fu_2348  |product_dense_ap_fixed_ap_fixed_ap_fixed_16_4_5_3_0_s  |        0|      1|   38|     9|    0|
    |grp_product_dense_ap_fixed_ap_fixed_ap_fixed_16_4_5_3_0_s_fu_2354  |product_dense_ap_fixed_ap_fixed_ap_fixed_16_4_5_3_0_s  |        0|      1|   38|     9|    0|
    |grp_product_dense_ap_fixed_ap_fixed_ap_fixed_16_4_5_3_0_s_fu_2360  |product_dense_ap_fixed_ap_fixed_ap_fixed_16_4_5_3_0_s  |        0|      1|   38|     9|    0|
    |grp_product_dense_ap_fixed_ap_fixed_ap_fixed_16_4_5_3_0_s_fu_2366  |product_dense_ap_fixed_ap_fixed_ap_fixed_16_4_5_3_0_s  |        0|      1|   38|     9|    0|
    |grp_product_dense_ap_fixed_ap_fixed_ap_fixed_16_4_5_3_0_s_fu_2372  |product_dense_ap_fixed_ap_fixed_ap_fixed_16_4_5_3_0_s  |        0|      1|   38|     9|    0|
    |grp_product_dense_ap_fixed_ap_fixed_ap_fixed_16_4_5_3_0_s_fu_2378  |product_dense_ap_fixed_ap_fixed_ap_fixed_16_4_5_3_0_s  |        0|      1|   38|     9|    0|
    |grp_product_dense_ap_fixed_ap_fixed_ap_fixed_16_4_5_3_0_s_fu_2384  |product_dense_ap_fixed_ap_fixed_ap_fixed_16_4_5_3_0_s  |        0|      1|   38|     9|    0|
    |grp_product_dense_ap_fixed_ap_fixed_ap_fixed_16_4_5_3_0_s_fu_2390  |product_dense_ap_fixed_ap_fixed_ap_fixed_16_4_5_3_0_s  |        0|      1|   38|     9|    0|
    |grp_product_dense_ap_fixed_ap_fixed_ap_fixed_16_4_5_3_0_s_fu_2396  |product_dense_ap_fixed_ap_fixed_ap_fixed_16_4_5_3_0_s  |        0|      1|   38|     9|    0|
    |grp_product_dense_ap_fixed_ap_fixed_ap_fixed_16_4_5_3_0_s_fu_2402  |product_dense_ap_fixed_ap_fixed_ap_fixed_16_4_5_3_0_s  |        0|      1|   38|     9|    0|
    |grp_product_dense_ap_fixed_ap_fixed_ap_fixed_16_4_5_3_0_s_fu_2408  |product_dense_ap_fixed_ap_fixed_ap_fixed_16_4_5_3_0_s  |        0|      1|   38|     9|    0|
    |grp_product_dense_ap_fixed_ap_fixed_ap_fixed_16_4_5_3_0_s_fu_2414  |product_dense_ap_fixed_ap_fixed_ap_fixed_16_4_5_3_0_s  |        0|      1|   38|     9|    0|
    |grp_product_dense_ap_fixed_ap_fixed_ap_fixed_16_4_5_3_0_s_fu_2420  |product_dense_ap_fixed_ap_fixed_ap_fixed_16_4_5_3_0_s  |        0|      1|   38|     9|    0|
    |grp_product_dense_ap_fixed_ap_fixed_ap_fixed_16_4_5_3_0_s_fu_2426  |product_dense_ap_fixed_ap_fixed_ap_fixed_16_4_5_3_0_s  |        0|      1|   38|     9|    0|
    |grp_product_dense_ap_fixed_ap_fixed_ap_fixed_16_4_5_3_0_s_fu_2432  |product_dense_ap_fixed_ap_fixed_ap_fixed_16_4_5_3_0_s  |        0|      1|   38|     9|    0|
    |grp_product_dense_ap_fixed_ap_fixed_ap_fixed_16_4_5_3_0_s_fu_2438  |product_dense_ap_fixed_ap_fixed_ap_fixed_16_4_5_3_0_s  |        0|      1|   38|     9|    0|
    |grp_product_dense_ap_fixed_ap_fixed_ap_fixed_16_4_5_3_0_s_fu_2444  |product_dense_ap_fixed_ap_fixed_ap_fixed_16_4_5_3_0_s  |        0|      1|   38|     9|    0|
    |grp_product_dense_ap_fixed_ap_fixed_ap_fixed_16_4_5_3_0_s_fu_2450  |product_dense_ap_fixed_ap_fixed_ap_fixed_16_4_5_3_0_s  |        0|      1|   38|     9|    0|
    |grp_product_dense_ap_fixed_ap_fixed_ap_fixed_16_4_5_3_0_s_fu_2456  |product_dense_ap_fixed_ap_fixed_ap_fixed_16_4_5_3_0_s  |        0|      1|   38|     9|    0|
    |grp_product_dense_ap_fixed_ap_fixed_ap_fixed_16_4_5_3_0_s_fu_2462  |product_dense_ap_fixed_ap_fixed_ap_fixed_16_4_5_3_0_s  |        0|      1|   38|     9|    0|
    |grp_product_dense_ap_fixed_ap_fixed_ap_fixed_16_4_5_3_0_s_fu_2468  |product_dense_ap_fixed_ap_fixed_ap_fixed_16_4_5_3_0_s  |        0|      1|   38|     9|    0|
    |grp_product_dense_ap_fixed_ap_fixed_ap_fixed_16_4_5_3_0_s_fu_2474  |product_dense_ap_fixed_ap_fixed_ap_fixed_16_4_5_3_0_s  |        0|      1|   38|     9|    0|
    |grp_product_dense_ap_fixed_ap_fixed_ap_fixed_16_4_5_3_0_s_fu_2480  |product_dense_ap_fixed_ap_fixed_ap_fixed_16_4_5_3_0_s  |        0|      1|   38|     9|    0|
    |grp_product_dense_ap_fixed_ap_fixed_ap_fixed_16_4_5_3_0_s_fu_2486  |product_dense_ap_fixed_ap_fixed_ap_fixed_16_4_5_3_0_s  |        0|      1|   38|     9|    0|
    |grp_product_dense_ap_fixed_ap_fixed_ap_fixed_16_4_5_3_0_s_fu_2492  |product_dense_ap_fixed_ap_fixed_ap_fixed_16_4_5_3_0_s  |        0|      1|   38|     9|    0|
    |grp_product_dense_ap_fixed_ap_fixed_ap_fixed_16_4_5_3_0_s_fu_2498  |product_dense_ap_fixed_ap_fixed_ap_fixed_16_4_5_3_0_s  |        0|      1|   38|     9|    0|
    |grp_product_dense_ap_fixed_ap_fixed_ap_fixed_16_4_5_3_0_s_fu_2504  |product_dense_ap_fixed_ap_fixed_ap_fixed_16_4_5_3_0_s  |        0|      1|   38|     9|    0|
    |grp_product_dense_ap_fixed_ap_fixed_ap_fixed_16_4_5_3_0_s_fu_2510  |product_dense_ap_fixed_ap_fixed_ap_fixed_16_4_5_3_0_s  |        0|      1|   38|     9|    0|
    |grp_product_dense_ap_fixed_ap_fixed_ap_fixed_16_4_5_3_0_s_fu_2516  |product_dense_ap_fixed_ap_fixed_ap_fixed_16_4_5_3_0_s  |        0|      1|   38|     9|    0|
    |grp_product_dense_ap_fixed_ap_fixed_ap_fixed_16_4_5_3_0_s_fu_2522  |product_dense_ap_fixed_ap_fixed_ap_fixed_16_4_5_3_0_s  |        0|      1|   38|     9|    0|
    |grp_product_dense_ap_fixed_ap_fixed_ap_fixed_16_4_5_3_0_s_fu_2528  |product_dense_ap_fixed_ap_fixed_ap_fixed_16_4_5_3_0_s  |        0|      1|   38|     9|    0|
    |grp_product_dense_ap_fixed_ap_fixed_ap_fixed_16_4_5_3_0_s_fu_2534  |product_dense_ap_fixed_ap_fixed_ap_fixed_16_4_5_3_0_s  |        0|      1|   38|     9|    0|
    |grp_product_dense_ap_fixed_ap_fixed_ap_fixed_16_4_5_3_0_s_fu_2540  |product_dense_ap_fixed_ap_fixed_ap_fixed_16_4_5_3_0_s  |        0|      1|   38|     9|    0|
    |grp_product_dense_ap_fixed_ap_fixed_ap_fixed_16_4_5_3_0_s_fu_2546  |product_dense_ap_fixed_ap_fixed_ap_fixed_16_4_5_3_0_s  |        0|      1|   38|     9|    0|
    |grp_product_dense_ap_fixed_ap_fixed_ap_fixed_16_4_5_3_0_s_fu_2552  |product_dense_ap_fixed_ap_fixed_ap_fixed_16_4_5_3_0_s  |        0|      1|   38|     9|    0|
    |grp_product_dense_ap_fixed_ap_fixed_ap_fixed_16_4_5_3_0_s_fu_2558  |product_dense_ap_fixed_ap_fixed_ap_fixed_16_4_5_3_0_s  |        0|      1|   38|     9|    0|
    |grp_product_dense_ap_fixed_ap_fixed_ap_fixed_16_4_5_3_0_s_fu_2564  |product_dense_ap_fixed_ap_fixed_ap_fixed_16_4_5_3_0_s  |        0|      1|   38|     9|    0|
    |grp_product_dense_ap_fixed_ap_fixed_ap_fixed_16_4_5_3_0_s_fu_2570  |product_dense_ap_fixed_ap_fixed_ap_fixed_16_4_5_3_0_s  |        0|      1|   38|     9|    0|
    |grp_product_dense_ap_fixed_ap_fixed_ap_fixed_16_4_5_3_0_s_fu_2576  |product_dense_ap_fixed_ap_fixed_ap_fixed_16_4_5_3_0_s  |        0|      1|   38|     9|    0|
    |grp_product_dense_ap_fixed_ap_fixed_ap_fixed_16_4_5_3_0_s_fu_2582  |product_dense_ap_fixed_ap_fixed_ap_fixed_16_4_5_3_0_s  |        0|      1|   38|     9|    0|
    |grp_product_dense_ap_fixed_ap_fixed_ap_fixed_16_4_5_3_0_s_fu_2588  |product_dense_ap_fixed_ap_fixed_ap_fixed_16_4_5_3_0_s  |        0|      1|   38|     9|    0|
    |grp_product_dense_ap_fixed_ap_fixed_ap_fixed_16_4_5_3_0_s_fu_2594  |product_dense_ap_fixed_ap_fixed_ap_fixed_16_4_5_3_0_s  |        0|      1|   38|     9|    0|
    |grp_product_dense_ap_fixed_ap_fixed_ap_fixed_16_4_5_3_0_s_fu_2600  |product_dense_ap_fixed_ap_fixed_ap_fixed_16_4_5_3_0_s  |        0|      1|   38|     9|    0|
    |grp_product_dense_ap_fixed_ap_fixed_ap_fixed_16_4_5_3_0_s_fu_2606  |product_dense_ap_fixed_ap_fixed_ap_fixed_16_4_5_3_0_s  |        0|      1|   38|     9|    0|
    |grp_product_dense_ap_fixed_ap_fixed_ap_fixed_16_4_5_3_0_s_fu_2612  |product_dense_ap_fixed_ap_fixed_ap_fixed_16_4_5_3_0_s  |        0|      1|   38|     9|    0|
    |grp_product_dense_ap_fixed_ap_fixed_ap_fixed_16_4_5_3_0_s_fu_2618  |product_dense_ap_fixed_ap_fixed_ap_fixed_16_4_5_3_0_s  |        0|      1|   38|     9|    0|
    |grp_product_dense_ap_fixed_ap_fixed_ap_fixed_16_4_5_3_0_s_fu_2624  |product_dense_ap_fixed_ap_fixed_ap_fixed_16_4_5_3_0_s  |        0|      1|   38|     9|    0|
    |grp_product_dense_ap_fixed_ap_fixed_ap_fixed_16_4_5_3_0_s_fu_2630  |product_dense_ap_fixed_ap_fixed_ap_fixed_16_4_5_3_0_s  |        0|      1|   38|     9|    0|
    |grp_product_dense_ap_fixed_ap_fixed_ap_fixed_16_4_5_3_0_s_fu_2636  |product_dense_ap_fixed_ap_fixed_ap_fixed_16_4_5_3_0_s  |        0|      1|   38|     9|    0|
    |grp_product_dense_ap_fixed_ap_fixed_ap_fixed_16_4_5_3_0_s_fu_2642  |product_dense_ap_fixed_ap_fixed_ap_fixed_16_4_5_3_0_s  |        0|      1|   38|     9|    0|
    +-------------------------------------------------------------------+-------------------------------------------------------+---------+-------+-----+------+-----+
    |Total                                                              |                                                       |        1|     64| 2555|  2022|    0|
    +-------------------------------------------------------------------+-------------------------------------------------------+---------+-------+-----+------+-----+

    * DSP48E: 
    N/A

    * Memory: 
    +----------------+--------------------------------------------------------------+---------+----+----+-----+------+-----+------+-------------+
    |     Memory     |                            Module                            | BRAM_18K| FF | LUT| URAM| Words| Bits| Banks| W*Bits*Banks|
    +----------------+--------------------------------------------------------------+---------+----+----+-----+------+-----+------+-------------+
    |layer_in_V_7_U  |conv_2d_cl_me_ap_fixed_ap_fixed_16_4_5_3_0_config5_s_layebom  |        1|   0|   0|    0|   288|   16|     1|         4608|
    |tmpdata_V_U     |conv_2d_cl_me_ap_fixed_ap_fixed_16_4_5_3_0_config5_s_tmpdbpm  |        0|  32|   8|    0|    32|   16|     1|          512|
    |layer_out_i_U   |conv_2d_cl_me_ap_fixed_ap_fixed_16_4_5_3_0_config9_s_layec6D  |        1|   0|   0|    0|    64|   16|     1|         1024|
    |w9_V_U          |conv_2d_cl_me_ap_fixed_ap_fixed_16_4_5_3_0_config9_s_w9_V     |       11|   0|   0|    0|   288|  383|     1|       110304|
    +----------------+--------------------------------------------------------------+---------+----+----+-----+------+-----+------+-------------+
    |Total           |                                                              |       13|  32|   8|    0|   672|  431|     4|       116448|
    +----------------+--------------------------------------------------------------+---------+----+----+-----+------+-----+------+-------------+

    * FIFO: 
    N/A

    * Expression: 
    +-------------------------+----------+-------+---+----+------------+------------+
    |      Variable Name      | Operation| DSP48E| FF| LUT| Bitwidth P0| Bitwidth P1|
    +-------------------------+----------+-------+---+----+------------+------------+
    |acc_0_V_fu_3443_p2       |     +    |      0|  0|  23|          16|          16|
    |acc_10_V_fu_3503_p2      |     +    |      0|  0|  23|          16|          16|
    |acc_11_V_fu_3509_p2      |     +    |      0|  0|  23|          16|          16|
    |acc_12_V_fu_3515_p2      |     +    |      0|  0|  23|          16|          16|
    |acc_13_V_fu_3521_p2      |     +    |      0|  0|  23|          16|          16|
    |acc_14_V_fu_3527_p2      |     +    |      0|  0|  23|          16|          16|
    |acc_15_V_fu_3533_p2      |     +    |      0|  0|  23|          16|          16|
    |acc_16_V_fu_3539_p2      |     +    |      0|  0|  23|          16|          16|
    |acc_17_V_fu_3545_p2      |     +    |      0|  0|  23|          16|          16|
    |acc_18_V_fu_3551_p2      |     +    |      0|  0|  23|          16|          16|
    |acc_19_V_fu_3557_p2      |     +    |      0|  0|  23|          16|          16|
    |acc_1_V_fu_3449_p2       |     +    |      0|  0|  23|          16|          16|
    |acc_20_V_fu_3563_p2      |     +    |      0|  0|  23|          16|          16|
    |acc_21_V_fu_3569_p2      |     +    |      0|  0|  23|          16|          16|
    |acc_22_V_fu_3575_p2      |     +    |      0|  0|  23|          16|          16|
    |acc_23_V_fu_3581_p2      |     +    |      0|  0|  23|          16|          16|
    |acc_24_V_fu_3587_p2      |     +    |      0|  0|  23|          16|          16|
    |acc_25_V_fu_3593_p2      |     +    |      0|  0|  23|          16|          16|
    |acc_26_V_fu_3599_p2      |     +    |      0|  0|  23|          16|          16|
    |acc_27_V_fu_3605_p2      |     +    |      0|  0|  23|          16|          16|
    |acc_28_V_fu_3611_p2      |     +    |      0|  0|  23|          16|          16|
    |acc_29_V_fu_3617_p2      |     +    |      0|  0|  23|          16|          16|
    |acc_2_V_fu_3455_p2       |     +    |      0|  0|  23|          16|          16|
    |acc_30_V_fu_3623_p2      |     +    |      0|  0|  23|          16|          16|
    |acc_31_V_fu_3629_p2      |     +    |      0|  0|  23|          16|          16|
    |acc_32_V_fu_3635_p2      |     +    |      0|  0|  23|          16|          16|
    |acc_33_V_fu_3641_p2      |     +    |      0|  0|  23|          16|          16|
    |acc_34_V_fu_3647_p2      |     +    |      0|  0|  23|          16|          16|
    |acc_35_V_fu_3653_p2      |     +    |      0|  0|  23|          16|          16|
    |acc_36_V_fu_3659_p2      |     +    |      0|  0|  23|          16|          16|
    |acc_37_V_fu_3665_p2      |     +    |      0|  0|  23|          16|          16|
    |acc_38_V_fu_3671_p2      |     +    |      0|  0|  23|          16|          16|
    |acc_39_V_fu_3677_p2      |     +    |      0|  0|  23|          16|          16|
    |acc_3_V_fu_3461_p2       |     +    |      0|  0|  23|          16|          16|
    |acc_40_V_fu_3683_p2      |     +    |      0|  0|  23|          16|          16|
    |acc_41_V_fu_3689_p2      |     +    |      0|  0|  23|          16|          16|
    |acc_42_V_fu_3695_p2      |     +    |      0|  0|  23|          16|          16|
    |acc_43_V_fu_3701_p2      |     +    |      0|  0|  23|          16|          16|
    |acc_44_V_fu_3707_p2      |     +    |      0|  0|  23|          16|          16|
    |acc_45_V_fu_3713_p2      |     +    |      0|  0|  23|          16|          16|
    |acc_46_V_fu_3719_p2      |     +    |      0|  0|  23|          16|          16|
    |acc_47_V_fu_3725_p2      |     +    |      0|  0|  23|          16|          16|
    |acc_48_V_fu_3731_p2      |     +    |      0|  0|  23|          16|          16|
    |acc_49_V_fu_3737_p2      |     +    |      0|  0|  23|          16|          16|
    |acc_4_V_fu_3467_p2       |     +    |      0|  0|  23|          16|          16|
    |acc_50_V_fu_3743_p2      |     +    |      0|  0|  23|          16|          16|
    |acc_51_V_fu_3749_p2      |     +    |      0|  0|  23|          16|          16|
    |acc_52_V_fu_3755_p2      |     +    |      0|  0|  23|          16|          16|
    |acc_53_V_fu_3761_p2      |     +    |      0|  0|  23|          16|          16|
    |acc_54_V_fu_3767_p2      |     +    |      0|  0|  23|          16|          16|
    |acc_55_V_fu_3773_p2      |     +    |      0|  0|  23|          16|          16|
    |acc_56_V_fu_3779_p2      |     +    |      0|  0|  23|          16|          16|
    |acc_57_V_fu_3785_p2      |     +    |      0|  0|  23|          16|          16|
    |acc_58_V_fu_3791_p2      |     +    |      0|  0|  23|          16|          16|
    |acc_59_V_fu_3797_p2      |     +    |      0|  0|  23|          16|          16|
    |acc_5_V_fu_3473_p2       |     +    |      0|  0|  23|          16|          16|
    |acc_60_V_fu_3803_p2      |     +    |      0|  0|  23|          16|          16|
    |acc_61_V_fu_3809_p2      |     +    |      0|  0|  23|          16|          16|
    |acc_62_V_fu_3815_p2      |     +    |      0|  0|  23|          16|          16|
    |acc_63_V_fu_3821_p2      |     +    |      0|  0|  23|          16|          16|
    |acc_6_V_fu_3479_p2       |     +    |      0|  0|  23|          16|          16|
    |acc_7_V_fu_3485_p2       |     +    |      0|  0|  23|          16|          16|
    |acc_8_V_fu_3491_p2       |     +    |      0|  0|  23|          16|          16|
    |acc_9_V_fu_3497_p2       |     +    |      0|  0|  23|          16|          16|
    |add_ln245_fu_3909_p2     |     +    |      0|  0|  39|          32|           1|
    |add_ln247_fu_3921_p2     |     +    |      0|  0|  39|          32|           1|
    |add_ln250_fu_3850_p2     |     +    |      0|  0|  39|          32|           1|
    |add_ln252_fu_3862_p2     |     +    |      0|  0|  39|          32|           1|
    |i1_fu_2714_p2            |     +    |      0|  0|  15|           6|           1|
    |i_fu_2702_p2             |     +    |      0|  0|  16|           9|           1|
    |i_ic_fu_3833_p2          |     +    |      0|  0|  15|           7|           1|
    |ir_fu_2793_p2            |     +    |      0|  0|  16|           9|           1|
    |and_ln215_1_fu_2775_p2   |    and   |      0|  0|   2|           1|           1|
    |and_ln215_2_fu_2781_p2   |    and   |      0|  0|   2|           1|           1|
    |and_ln215_fu_2769_p2     |    and   |      0|  0|   2|           1|           1|
    |ap_block_state3          |    and   |      0|  0|   2|           1|           1|
    |icmp_ln206_fu_2696_p2    |   icmp   |      0|  0|  13|           9|           9|
    |icmp_ln208_fu_2708_p2    |   icmp   |      0|  0|  11|           6|           7|
    |icmp_ln215_1_fu_2731_p2  |   icmp   |      0|  0|  20|          32|           2|
    |icmp_ln215_2_fu_2747_p2  |   icmp   |      0|  0|  20|          31|           1|
    |icmp_ln215_3_fu_2763_p2  |   icmp   |      0|  0|  20|          31|           1|
    |icmp_ln215_fu_2725_p2    |   icmp   |      0|  0|  20|          32|           2|
    |icmp_ln226_fu_3827_p2    |   icmp   |      0|  0|  11|           7|           8|
    |icmp_ln237_fu_3844_p2    |   icmp   |      0|  0|  20|          32|           5|
    |icmp_ln241_fu_3903_p2    |   icmp   |      0|  0|  20|          32|           5|
    |icmp_ln336_fu_2787_p2    |   icmp   |      0|  0|  13|           9|           9|
    |ap_block_state1          |    or    |      0|  0|   2|           1|           1|
    |ap_condition_2574        |    or    |      0|  0|   2|           1|           1|
    |ap_condition_2579        |    or    |      0|  0|   2|           1|           1|
    |ap_condition_2593        |    or    |      0|  0|   2|           1|           1|
    |ap_condition_2598        |    or    |      0|  0|   2|           1|           1|
    |select_ln247_fu_3927_p3  |  select  |      0|  0|  32|           1|           2|
    |select_ln252_fu_3868_p3  |  select  |      0|  0|  32|           1|           2|
    |ap_enable_pp0            |    xor   |      0|  0|   2|           1|           2|
    |ap_enable_reg_pp0_iter1  |    xor   |      0|  0|   2|           2|           1|
    +-------------------------+----------+-------+---+----+------------+------------+
    |Total                    |          |      0|  0|1944|        1418|        1097|
    +-------------------------+----------+-------+---+----+------------+------------+

    * Multiplexer: 
    +-------------------------+-----+-----------+-----+-----------+
    |           Name          | LUT | Input Size| Bits| Total Bits|
    +-------------------------+-----+-----------+-----+-----------+
    |acc_V_0_0_reg_2094       |    9|          2|   16|         32|
    |acc_V_10_0_reg_1964      |    9|          2|   16|         32|
    |acc_V_11_0_reg_1951      |    9|          2|   16|         32|
    |acc_V_12_0_reg_1938      |    9|          2|   16|         32|
    |acc_V_13_0_reg_1925      |    9|          2|   16|         32|
    |acc_V_14_0_reg_1912      |    9|          2|   16|         32|
    |acc_V_15_0_reg_1899      |    9|          2|   16|         32|
    |acc_V_16_0_reg_1886      |    9|          2|   16|         32|
    |acc_V_17_0_reg_1873      |    9|          2|   16|         32|
    |acc_V_18_0_reg_1860      |    9|          2|   16|         32|
    |acc_V_19_0_reg_1847      |    9|          2|   16|         32|
    |acc_V_1_0_reg_2081       |    9|          2|   16|         32|
    |acc_V_20_0_reg_1834      |    9|          2|   16|         32|
    |acc_V_21_0_reg_1821      |    9|          2|   16|         32|
    |acc_V_22_0_reg_1808      |    9|          2|   16|         32|
    |acc_V_23_0_reg_1795      |    9|          2|   16|         32|
    |acc_V_24_0_reg_1782      |    9|          2|   16|         32|
    |acc_V_25_0_reg_1769      |    9|          2|   16|         32|
    |acc_V_26_0_reg_1756      |    9|          2|   16|         32|
    |acc_V_27_0_reg_1743      |    9|          2|   16|         32|
    |acc_V_28_0_reg_1730      |    9|          2|   16|         32|
    |acc_V_29_0_reg_1717      |    9|          2|   16|         32|
    |acc_V_2_0_reg_2068       |    9|          2|   16|         32|
    |acc_V_30_0_reg_1704      |    9|          2|   16|         32|
    |acc_V_31_0_reg_1691      |    9|          2|   16|         32|
    |acc_V_32_0_reg_1678      |    9|          2|   16|         32|
    |acc_V_33_0_reg_1665      |    9|          2|   16|         32|
    |acc_V_34_0_reg_1652      |    9|          2|   16|         32|
    |acc_V_35_0_reg_1639      |    9|          2|   16|         32|
    |acc_V_36_0_reg_1626      |    9|          2|   16|         32|
    |acc_V_37_0_reg_1613      |    9|          2|   16|         32|
    |acc_V_38_0_reg_1600      |    9|          2|   16|         32|
    |acc_V_39_0_reg_1587      |    9|          2|   16|         32|
    |acc_V_3_0_reg_2055       |    9|          2|   16|         32|
    |acc_V_40_0_reg_1574      |    9|          2|   16|         32|
    |acc_V_41_0_reg_1561      |    9|          2|   16|         32|
    |acc_V_42_0_reg_1548      |    9|          2|   16|         32|
    |acc_V_43_0_reg_1535      |    9|          2|   16|         32|
    |acc_V_44_0_reg_1522      |    9|          2|   16|         32|
    |acc_V_45_0_reg_1509      |    9|          2|   16|         32|
    |acc_V_46_0_reg_1496      |    9|          2|   16|         32|
    |acc_V_47_0_reg_1483      |    9|          2|   16|         32|
    |acc_V_48_0_reg_1470      |    9|          2|   16|         32|
    |acc_V_49_0_reg_1457      |    9|          2|   16|         32|
    |acc_V_4_0_reg_2042       |    9|          2|   16|         32|
    |acc_V_50_0_reg_1444      |    9|          2|   16|         32|
    |acc_V_51_0_reg_1431      |    9|          2|   16|         32|
    |acc_V_52_0_reg_1418      |    9|          2|   16|         32|
    |acc_V_53_0_reg_1405      |    9|          2|   16|         32|
    |acc_V_54_0_reg_1392      |    9|          2|   16|         32|
    |acc_V_55_0_reg_1379      |    9|          2|   16|         32|
    |acc_V_56_0_reg_1366      |    9|          2|   16|         32|
    |acc_V_57_0_reg_1353      |    9|          2|   16|         32|
    |acc_V_58_0_reg_1340      |    9|          2|   16|         32|
    |acc_V_59_0_reg_1327      |    9|          2|   16|         32|
    |acc_V_5_0_reg_2029       |    9|          2|   16|         32|
    |acc_V_60_0_reg_1314      |    9|          2|   16|         32|
    |acc_V_61_0_reg_1301      |    9|          2|   16|         32|
    |acc_V_62_0_reg_1288      |    9|          2|   16|         32|
    |acc_V_63_0_reg_1275      |    9|          2|   16|         32|
    |acc_V_6_0_reg_2016       |    9|          2|   16|         32|
    |acc_V_7_0_reg_2003       |    9|          2|   16|         32|
    |acc_V_8_0_reg_1990       |    9|          2|   16|         32|
    |acc_V_9_0_reg_1977       |    9|          2|   16|         32|
    |ap_NS_fsm                |  181|         41|    1|         41|
    |ap_done                  |    9|          2|    1|          2|
    |ap_enable_reg_pp0_iter1  |    9|          2|    1|          2|
    |ap_enable_reg_pp0_iter3  |    9|          2|    1|          2|
    |data_V_V_blk_n           |    9|          2|    1|          2|
    |i1_0_i_reg_1264          |    9|          2|    6|         12|
    |i_0_i_reg_1253           |    9|          2|    9|         18|
    |i_ic_0_i_reg_2118        |    9|          2|    7|         14|
    |in_index_reg_2107        |    9|          2|    9|         18|
    |layer_in_V_7_address0    |   15|          3|    9|         27|
    |layer_in_V_7_ce0         |   15|          3|    1|          3|
    |layer_in_V_7_we0         |    9|          2|    1|          2|
    |layer_out_i_address0     |  153|         34|    6|        204|
    |layer_out_i_address1     |  149|         33|    6|        198|
    |layer_out_i_d0           |  149|         33|   16|        528|
    |layer_out_i_d1           |  149|         33|   16|        528|
    |pX_2                     |    9|          2|   32|         64|
    |pX_8_loc_0_fu_648        |   15|          3|   32|         96|
    |pY_2                     |    9|          2|   32|         64|
    |pY_8_loc_0_fu_656        |   15|          3|   32|         96|
    |real_start               |    9|          2|    1|          2|
    |res_V_V_blk_n            |    9|          2|    1|          2|
    |sX_2                     |    9|          2|   32|         64|
    |sX_8_loc_0_fu_652        |   15|          3|   32|         96|
    |sY_8_loc_0_fu_660        |   15|          3|   32|         96|
    |tmpdata_V_address0       |   15|          3|    5|         15|
    |tmpdata_V_ce0            |   15|          3|    1|          3|
    +-------------------------+-----+-----------+-----+-----------+
    |Total                    | 1603|        354| 1347|       4247|
    +-------------------------+-----+-----------+-----+-----------+

    * Register: 
    +------------------------------------------------------------------------------+----+----+-----+-----------+
    |                                     Name                                     | FF | LUT| Bits| Const Bits|
    +------------------------------------------------------------------------------+----+----+-----+-----------+
    |acc_V_0_0_reg_2094                                                            |  16|   0|   16|          0|
    |acc_V_10_0_reg_1964                                                           |  16|   0|   16|          0|
    |acc_V_11_0_reg_1951                                                           |  16|   0|   16|          0|
    |acc_V_12_0_reg_1938                                                           |  16|   0|   16|          0|
    |acc_V_13_0_reg_1925                                                           |  16|   0|   16|          0|
    |acc_V_14_0_reg_1912                                                           |  16|   0|   16|          0|
    |acc_V_15_0_reg_1899                                                           |  16|   0|   16|          0|
    |acc_V_16_0_reg_1886                                                           |  16|   0|   16|          0|
    |acc_V_17_0_reg_1873                                                           |  16|   0|   16|          0|
    |acc_V_18_0_reg_1860                                                           |  16|   0|   16|          0|
    |acc_V_19_0_reg_1847                                                           |  16|   0|   16|          0|
    |acc_V_1_0_reg_2081                                                            |  16|   0|   16|          0|
    |acc_V_20_0_reg_1834                                                           |  16|   0|   16|          0|
    |acc_V_21_0_reg_1821                                                           |  16|   0|   16|          0|
    |acc_V_22_0_reg_1808                                                           |  16|   0|   16|          0|
    |acc_V_23_0_reg_1795                                                           |  16|   0|   16|          0|
    |acc_V_24_0_reg_1782                                                           |  16|   0|   16|          0|
    |acc_V_25_0_reg_1769                                                           |  16|   0|   16|          0|
    |acc_V_26_0_reg_1756                                                           |  16|   0|   16|          0|
    |acc_V_27_0_reg_1743                                                           |  16|   0|   16|          0|
    |acc_V_28_0_reg_1730                                                           |  16|   0|   16|          0|
    |acc_V_29_0_reg_1717                                                           |  16|   0|   16|          0|
    |acc_V_2_0_reg_2068                                                            |  16|   0|   16|          0|
    |acc_V_30_0_reg_1704                                                           |  16|   0|   16|          0|
    |acc_V_31_0_reg_1691                                                           |  16|   0|   16|          0|
    |acc_V_32_0_reg_1678                                                           |  16|   0|   16|          0|
    |acc_V_33_0_reg_1665                                                           |  16|   0|   16|          0|
    |acc_V_34_0_reg_1652                                                           |  16|   0|   16|          0|
    |acc_V_35_0_reg_1639                                                           |  16|   0|   16|          0|
    |acc_V_36_0_reg_1626                                                           |  16|   0|   16|          0|
    |acc_V_37_0_reg_1613                                                           |  16|   0|   16|          0|
    |acc_V_38_0_reg_1600                                                           |  16|   0|   16|          0|
    |acc_V_39_0_reg_1587                                                           |  16|   0|   16|          0|
    |acc_V_3_0_reg_2055                                                            |  16|   0|   16|          0|
    |acc_V_40_0_reg_1574                                                           |  16|   0|   16|          0|
    |acc_V_41_0_reg_1561                                                           |  16|   0|   16|          0|
    |acc_V_42_0_reg_1548                                                           |  16|   0|   16|          0|
    |acc_V_43_0_reg_1535                                                           |  16|   0|   16|          0|
    |acc_V_44_0_reg_1522                                                           |  16|   0|   16|          0|
    |acc_V_45_0_reg_1509                                                           |  16|   0|   16|          0|
    |acc_V_46_0_reg_1496                                                           |  16|   0|   16|          0|
    |acc_V_47_0_reg_1483                                                           |  16|   0|   16|          0|
    |acc_V_48_0_reg_1470                                                           |  16|   0|   16|          0|
    |acc_V_49_0_reg_1457                                                           |  16|   0|   16|          0|
    |acc_V_4_0_reg_2042                                                            |  16|   0|   16|          0|
    |acc_V_50_0_reg_1444                                                           |  16|   0|   16|          0|
    |acc_V_51_0_reg_1431                                                           |  16|   0|   16|          0|
    |acc_V_52_0_reg_1418                                                           |  16|   0|   16|          0|
    |acc_V_53_0_reg_1405                                                           |  16|   0|   16|          0|
    |acc_V_54_0_reg_1392                                                           |  16|   0|   16|          0|
    |acc_V_55_0_reg_1379                                                           |  16|   0|   16|          0|
    |acc_V_56_0_reg_1366                                                           |  16|   0|   16|          0|
    |acc_V_57_0_reg_1353                                                           |  16|   0|   16|          0|
    |acc_V_58_0_reg_1340                                                           |  16|   0|   16|          0|
    |acc_V_59_0_reg_1327                                                           |  16|   0|   16|          0|
    |acc_V_5_0_reg_2029                                                            |  16|   0|   16|          0|
    |acc_V_60_0_reg_1314                                                           |  16|   0|   16|          0|
    |acc_V_61_0_reg_1301                                                           |  16|   0|   16|          0|
    |acc_V_62_0_reg_1288                                                           |  16|   0|   16|          0|
    |acc_V_63_0_reg_1275                                                           |  16|   0|   16|          0|
    |acc_V_6_0_reg_2016                                                            |  16|   0|   16|          0|
    |acc_V_7_0_reg_2003                                                            |  16|   0|   16|          0|
    |acc_V_8_0_reg_1990                                                            |  16|   0|   16|          0|
    |acc_V_9_0_reg_1977                                                            |  16|   0|   16|          0|
    |and_ln215_2_reg_4354                                                          |   1|   0|    1|          0|
    |ap_CS_fsm                                                                     |  40|   0|   40|          0|
    |ap_done_reg                                                                   |   1|   0|    1|          0|
    |ap_enable_reg_pp0_iter0                                                       |   1|   0|    1|          0|
    |ap_enable_reg_pp0_iter1                                                       |   1|   0|    1|          0|
    |ap_enable_reg_pp0_iter2                                                       |   1|   0|    1|          0|
    |ap_enable_reg_pp0_iter3                                                       |   1|   0|    1|          0|
    |grp_cnnshift_arr_ap_fixed_ap_fixed_16_4_5_3_0_config9_s_fu_2129_ap_start_reg  |   1|   0|    1|          0|
    |i1_0_i_reg_1264                                                               |   6|   0|    6|          0|
    |i_0_i_reg_1253                                                                |   9|   0|    9|          0|
    |i_ic_0_i_reg_2118                                                             |   7|   0|    7|          0|
    |i_ic_reg_5088                                                                 |   7|   0|    7|          0|
    |i_reg_4331                                                                    |   9|   0|    9|          0|
    |icmp_ln215_1_reg_4349                                                         |   1|   0|    1|          0|
    |icmp_ln215_reg_4344                                                           |   1|   0|    1|          0|
    |icmp_ln237_reg_5098                                                           |   1|   0|    1|          0|
    |icmp_ln336_reg_4358                                                           |   1|   0|    1|          0|
    |in_index_reg_2107                                                             |   9|   0|    9|          0|
    |layer_in_V_7_load_reg_4377                                                    |  16|   0|   16|          0|
    |pX_2                                                                          |  32|   0|   32|          0|
    |pX_8_loc_0_fu_648                                                             |  32|   0|   32|          0|
    |pY_2                                                                          |  32|   0|   32|          0|
    |pY_8_loc_0_fu_656                                                             |  32|   0|   32|          0|
    |sX_2                                                                          |  32|   0|   32|          0|
    |sX_8_loc_0_fu_652                                                             |  32|   0|   32|          0|
    |sY_2                                                                          |  32|   0|   32|          0|
    |sY_8_loc_0_fu_660                                                             |  32|   0|   32|          0|
    |start_once_reg                                                                |   1|   0|    1|          0|
    |tmp_10_reg_4490                                                               |   6|   0|    6|          0|
    |tmp_11_reg_4495                                                               |   6|   0|    6|          0|
    |tmp_12_reg_4500                                                               |   6|   0|    6|          0|
    |tmp_13_reg_4505                                                               |   6|   0|    6|          0|
    |tmp_14_reg_4510                                                               |   6|   0|    6|          0|
    |tmp_15_reg_4515                                                               |   6|   0|    6|          0|
    |tmp_16_reg_4520                                                               |   6|   0|    6|          0|
    |tmp_17_reg_4525                                                               |   6|   0|    6|          0|
    |tmp_18_reg_4530                                                               |   6|   0|    6|          0|
    |tmp_19_reg_4535                                                               |   6|   0|    6|          0|
    |tmp_1_reg_4470                                                                |   6|   0|    6|          0|
    |tmp_20_reg_4540                                                               |   6|   0|    6|          0|
    |tmp_21_reg_4545                                                               |   6|   0|    6|          0|
    |tmp_22_reg_4550                                                               |   6|   0|    6|          0|
    |tmp_23_reg_4555                                                               |   6|   0|    6|          0|
    |tmp_24_reg_4560                                                               |   6|   0|    6|          0|
    |tmp_25_reg_4565                                                               |   6|   0|    6|          0|
    |tmp_26_reg_4570                                                               |   6|   0|    6|          0|
    |tmp_27_reg_4575                                                               |   6|   0|    6|          0|
    |tmp_28_reg_4580                                                               |   6|   0|    6|          0|
    |tmp_29_reg_4585                                                               |   6|   0|    6|          0|
    |tmp_2_reg_4475                                                                |   6|   0|    6|          0|
    |tmp_30_reg_4590                                                               |   6|   0|    6|          0|
    |tmp_31_reg_4595                                                               |   6|   0|    6|          0|
    |tmp_32_reg_4600                                                               |   6|   0|    6|          0|
    |tmp_33_reg_4605                                                               |   6|   0|    6|          0|
    |tmp_34_reg_4610                                                               |   6|   0|    6|          0|
    |tmp_35_reg_4615                                                               |   6|   0|    6|          0|
    |tmp_36_reg_4620                                                               |   6|   0|    6|          0|
    |tmp_37_reg_4625                                                               |   6|   0|    6|          0|
    |tmp_38_reg_4630                                                               |   6|   0|    6|          0|
    |tmp_39_reg_4635                                                               |   6|   0|    6|          0|
    |tmp_3_reg_4480                                                                |   6|   0|    6|          0|
    |tmp_40_reg_4640                                                               |   6|   0|    6|          0|
    |tmp_41_reg_4645                                                               |   6|   0|    6|          0|
    |tmp_42_reg_4650                                                               |   6|   0|    6|          0|
    |tmp_43_reg_4655                                                               |   6|   0|    6|          0|
    |tmp_44_reg_4660                                                               |   6|   0|    6|          0|
    |tmp_45_reg_4665                                                               |   6|   0|    6|          0|
    |tmp_46_reg_4670                                                               |   6|   0|    6|          0|
    |tmp_47_reg_4675                                                               |   6|   0|    6|          0|
    |tmp_48_reg_4680                                                               |   6|   0|    6|          0|
    |tmp_49_reg_4685                                                               |   6|   0|    6|          0|
    |tmp_4_reg_4485                                                                |   6|   0|    6|          0|
    |tmp_50_reg_4690                                                               |   6|   0|    6|          0|
    |tmp_51_reg_4695                                                               |   6|   0|    6|          0|
    |tmp_52_reg_4700                                                               |   6|   0|    6|          0|
    |tmp_53_reg_4705                                                               |   6|   0|    6|          0|
    |tmp_54_reg_4710                                                               |   6|   0|    6|          0|
    |tmp_55_reg_4715                                                               |   6|   0|    6|          0|
    |tmp_56_reg_4720                                                               |   6|   0|    6|          0|
    |tmp_57_reg_4725                                                               |   6|   0|    6|          0|
    |tmp_58_reg_4730                                                               |   6|   0|    6|          0|
    |tmp_59_reg_4735                                                               |   6|   0|    6|          0|
    |tmp_60_reg_4740                                                               |   6|   0|    6|          0|
    |tmp_61_reg_4745                                                               |   6|   0|    6|          0|
    |tmp_62_reg_4750                                                               |   6|   0|    6|          0|
    |tmp_63_reg_4755                                                               |   6|   0|    6|          0|
    |tmp_64_reg_4760                                                               |   5|   0|    5|          0|
    |tmp_6_reg_4450                                                                |   6|   0|    6|          0|
    |tmp_7_reg_4455                                                                |   6|   0|    6|          0|
    |tmp_8_reg_4460                                                                |   6|   0|    6|          0|
    |tmp_9_reg_4465                                                                |   6|   0|    6|          0|
    |trunc_ln344_reg_4445                                                          |   6|   0|    6|          0|
    |icmp_ln336_reg_4358                                                           |   0|   1|    1|          0|
    +------------------------------------------------------------------------------+----+----+-----+-----------+
    |Total                                                                         |1778|   1| 1779|          0|
    +------------------------------------------------------------------------------+----+----+-----+-----------+



================================================================
== Interface
================================================================
* Summary: 
+------------------+-----+-----+------------+------------------------------------------------------+--------------+
|     RTL Ports    | Dir | Bits|  Protocol  |                     Source Object                    |    C Type    |
+------------------+-----+-----+------------+------------------------------------------------------+--------------+
|ap_clk            |  in |    1| ap_ctrl_hs | conv_2d_cl_me<ap_fixed,ap_fixed<16,4,5,3,0>,config9> | return value |
|ap_rst            |  in |    1| ap_ctrl_hs | conv_2d_cl_me<ap_fixed,ap_fixed<16,4,5,3,0>,config9> | return value |
|ap_start          |  in |    1| ap_ctrl_hs | conv_2d_cl_me<ap_fixed,ap_fixed<16,4,5,3,0>,config9> | return value |
|start_full_n      |  in |    1| ap_ctrl_hs | conv_2d_cl_me<ap_fixed,ap_fixed<16,4,5,3,0>,config9> | return value |
|ap_done           | out |    1| ap_ctrl_hs | conv_2d_cl_me<ap_fixed,ap_fixed<16,4,5,3,0>,config9> | return value |
|ap_continue       |  in |    1| ap_ctrl_hs | conv_2d_cl_me<ap_fixed,ap_fixed<16,4,5,3,0>,config9> | return value |
|ap_idle           | out |    1| ap_ctrl_hs | conv_2d_cl_me<ap_fixed,ap_fixed<16,4,5,3,0>,config9> | return value |
|ap_ready          | out |    1| ap_ctrl_hs | conv_2d_cl_me<ap_fixed,ap_fixed<16,4,5,3,0>,config9> | return value |
|start_out         | out |    1| ap_ctrl_hs | conv_2d_cl_me<ap_fixed,ap_fixed<16,4,5,3,0>,config9> | return value |
|start_write       | out |    1| ap_ctrl_hs | conv_2d_cl_me<ap_fixed,ap_fixed<16,4,5,3,0>,config9> | return value |
|data_V_V_dout     |  in |   16|   ap_fifo  |                       data_V_V                       |    pointer   |
|data_V_V_empty_n  |  in |    1|   ap_fifo  |                       data_V_V                       |    pointer   |
|data_V_V_read     | out |    1|   ap_fifo  |                       data_V_V                       |    pointer   |
|res_V_V_din       | out |   16|   ap_fifo  |                        res_V_V                       |    pointer   |
|res_V_V_full_n    |  in |    1|   ap_fifo  |                        res_V_V                       |    pointer   |
|res_V_V_write     | out |    1|   ap_fifo  |                        res_V_V                       |    pointer   |
+------------------+-----+-----+------------+------------------------------------------------------+--------------+

