

================================================================
== Vivado HLS Report for 'pooling2d_large_cl_nopad_pad_me_ap_fixed_ap_fixed_config8_s'
================================================================
* Date:           Fri Aug  5 17:06:58 2022

* Version:        2019.2 (Build 2704478 on Wed Nov 06 22:10:23 MST 2019)
* Project:        myproject_prj
* Solution:       solution1
* Product family: kintexu
* Target device:  xcku115-flvb2104-2-i


================================================================
== Performance Estimates
================================================================
+ Timing: 
    * Summary: 
    +--------+---------+----------+------------+
    |  Clock |  Target | Estimated| Uncertainty|
    +--------+---------+----------+------------+
    |ap_clk  | 5.00 ns | 3.542 ns |   0.62 ns  |
    +--------+---------+----------+------------+

+ Latency: 
    * Summary: 
    +---------+---------+----------+----------+--------+--------+---------+
    |  Latency (cycles) |  Latency (absolute) |     Interval    | Pipeline|
    |   min   |   max   |    min   |    max   |   min  |   max  |   Type  |
    +---------+---------+----------+----------+--------+--------+---------+
    |   360001|   878401| 1.800 ms | 4.392 ms |  360001|  878401|   none  |
    +---------+---------+----------+----------+--------+--------+---------+

    + Detail: 
        * Instance: 
        +----------------------------------------------------------------+-----------------------------------------------------+---------+---------+----------+----------+-----+-----+---------+
        |                                                                |                                                     |  Latency (cycles) |  Latency (absolute) |  Interval | Pipeline|
        |                            Instance                            |                        Module                       |   min   |   max   |    min   |    max   | min | max |   Type  |
        +----------------------------------------------------------------+-----------------------------------------------------+---------+---------+----------+----------+-----+-----+---------+
        |grp_cnnshift_arr_ap_fixed_ap_fixed_16_4_5_3_0_config8_s_fu_311  |cnnshift_arr_ap_fixed_ap_fixed_16_4_5_3_0_config8_s  |      363|      363| 1.815 us | 1.815 us |  363|  363|   none  |
        +----------------------------------------------------------------+-----------------------------------------------------+---------+---------+----------+----------+-----+-----+---------+

        * Loop: 
        +-----------------+---------+---------+-----------+-----------+-----------+------+----------+
        |                 |  Latency (cycles) | Iteration |  Initiation Interval  | Trip |          |
        |    Loop Name    |   min   |   max   |  Latency  |  achieved |   target  | Count| Pipelined|
        +-----------------+---------+---------+-----------+-----------+-----------+------+----------+
        |- Loop 1         |   360000|   878400| 400 ~ 976 |          -|          -|   900|    no    |
        | + Loop 1.1      |       32|       32|          1|          -|          -|    32|    no    |
        | + Loop 1.2      |      576|      576|         18|          -|          -|    32|    no    |
        |  ++ Loop 1.2.1  |        8|        8|          2|          -|          -|     4|    no    |
        |  ++ Loop 1.2.2  |        6|        6|          2|          -|          -|     3|    no    |
        +-----------------+---------+---------+-----------+-----------+-----------+------+----------+



================================================================
== Utilization Estimates
================================================================
* Summary: 
+---------------------+---------+-------+---------+--------+-----+
|         Name        | BRAM_18K| DSP48E|    FF   |   LUT  | URAM|
+---------------------+---------+-------+---------+--------+-----+
|DSP                  |        -|      -|        -|       -|    -|
|Expression           |        -|      -|        0|     526|    -|
|FIFO                 |        -|      -|        -|       -|    -|
|Instance             |        1|      -|       89|    1004|    0|
|Memory               |        1|      -|       64|       9|    0|
|Multiplexer          |        -|      -|        -|     269|    -|
|Register             |        -|      -|      378|       -|    -|
+---------------------+---------+-------+---------+--------+-----+
|Total                |        2|      0|      531|    1808|    0|
+---------------------+---------+-------+---------+--------+-----+
|Available SLR        |     2160|   2760|   663360|  331680|    0|
+---------------------+---------+-------+---------+--------+-----+
|Utilization SLR (%)  |    ~0   |      0|    ~0   |   ~0   |  100|
+---------------------+---------+-------+---------+--------+-----+
|Available            |     4320|   5520|  1326720|  663360|    0|
+---------------------+---------+-------+---------+--------+-----+
|Utilization (%)      |    ~0   |      0|    ~0   |   ~0   |    0|
+---------------------+---------+-------+---------+--------+-----+

+ Detail: 
    * Instance: 
    +----------------------------------------------------------------+-----------------------------------------------------+---------+-------+----+------+-----+
    |                            Instance                            |                        Module                       | BRAM_18K| DSP48E| FF |  LUT | URAM|
    +----------------------------------------------------------------+-----------------------------------------------------+---------+-------+----+------+-----+
    |grp_cnnshift_arr_ap_fixed_ap_fixed_16_4_5_3_0_config8_s_fu_311  |cnnshift_arr_ap_fixed_ap_fixed_16_4_5_3_0_config8_s  |        1|      0|  89|  1004|    0|
    +----------------------------------------------------------------+-----------------------------------------------------+---------+-------+----+------+-----+
    |Total                                                           |                                                     |        1|      0|  89|  1004|    0|
    +----------------------------------------------------------------+-----------------------------------------------------+---------+-------+----+------+-----+

    * DSP48E: 
    N/A

    * Memory: 
    +----------------+--------------------------------------------------------------+---------+----+----+-----+------+-----+------+-------------+
    |     Memory     |                            Module                            | BRAM_18K| FF | LUT| URAM| Words| Bits| Banks| W*Bits*Banks|
    +----------------+--------------------------------------------------------------+---------+----+----+-----+------+-----+------+-------------+
    |tmpdata_V_U     |conv_2d_cl_me_ap_fixed_ap_fixed_16_4_5_3_0_config5_s_tmpdbpm  |        0|  32|   8|    0|    32|   16|     1|          512|
    |pool_V_U        |pooling2d_large_cl_nopad_pad_me_ap_fixed_ap_fixed_config8b0s  |        0|  32|   1|    0|     4|   16|     1|           64|
    |layer_in_V_5_U  |pooling2d_large_cl_nopad_pad_me_ap_fixed_ap_fixed_config8bYs  |        1|   0|   0|    0|   128|   16|     1|         2048|
    +----------------+--------------------------------------------------------------+---------+----+----+-----+------+-----+------+-------------+
    |Total           |                                                              |        1|  64|   9|    0|   164|   48|     3|         2624|
    +----------------+--------------------------------------------------------------+---------+----+----+-----+------+-----+------+-------------+

    * FIFO: 
    N/A

    * Expression: 
    +------------------------+----------+-------+---+----+------------+------------+
    |      Variable Name     | Operation| DSP48E| FF| LUT| Bitwidth P0| Bitwidth P1|
    +------------------------+----------+-------+---+----+------------+------------+
    |add_ln508_fu_589_p2     |     +    |      0|  0|  15|           7|           7|
    |add_ln530_fu_536_p2     |     +    |      0|  0|  39|          32|           1|
    |add_ln532_fu_547_p2     |     +    |      0|  0|  39|          32|           1|
    |add_ln535_fu_490_p2     |     +    |      0|  0|  39|          32|           1|
    |add_ln537_fu_501_p2     |     +    |      0|  0|  39|          32|           1|
    |i0_fu_400_p2            |     +    |      0|  0|  15|           6|           1|
    |i1_fu_479_p2            |     +    |      0|  0|  15|           6|           1|
    |i2_fu_571_p2            |     +    |      0|  0|  11|           3|           1|
    |i_fu_615_p2             |     +    |      0|  0|  11|           3|           1|
    |i_ih_fu_388_p2          |     +    |      0|  0|  17|          10|           1|
    |and_ln498_1_fu_457_p2   |    and   |      0|  0|   2|           1|           1|
    |and_ln498_2_fu_463_p2   |    and   |      0|  0|   2|           1|           1|
    |and_ln498_fu_451_p2     |    and   |      0|  0|   2|           1|           1|
    |ap_block_state3         |    and   |      0|  0|   2|           1|           1|
    |ap_block_state9         |    and   |      0|  0|   2|           1|           1|
    |icmp_ln1494_fu_621_p2   |   icmp   |      0|  0|  13|          16|          16|
    |icmp_ln484_fu_382_p2    |   icmp   |      0|  0|  13|          10|           8|
    |icmp_ln489_fu_394_p2    |   icmp   |      0|  0|  11|           6|           7|
    |icmp_ln498_1_fu_425_p2  |   icmp   |      0|  0|  20|          32|           1|
    |icmp_ln498_2_fu_435_p2  |   icmp   |      0|  0|  20|          32|           1|
    |icmp_ln498_3_fu_445_p2  |   icmp   |      0|  0|  20|          32|           1|
    |icmp_ln498_fu_415_p2    |   icmp   |      0|  0|  20|          32|           1|
    |icmp_ln500_fu_473_p2    |   icmp   |      0|  0|  11|           6|           7|
    |icmp_ln506_fu_565_p2    |   icmp   |      0|  0|   9|           3|           4|
    |icmp_ln512_fu_604_p2    |   icmp   |      0|  0|   9|           3|           4|
    |icmp_ln522_fu_485_p2    |   icmp   |      0|  0|  20|          32|           5|
    |icmp_ln526_fu_531_p2    |   icmp   |      0|  0|  20|          32|           5|
    |ap_block_state1         |    or    |      0|  0|   2|           1|           1|
    |ap_condition_161        |    or    |      0|  0|   2|           1|           1|
    |ap_condition_272        |    or    |      0|  0|   2|           1|           1|
    |ap_condition_675        |    or    |      0|  0|   2|           1|           1|
    |ap_condition_677        |    or    |      0|  0|   2|           1|           1|
    |pool_res_V_1_fu_627_p3  |  select  |      0|  0|  16|           1|          16|
    |select_ln532_fu_552_p3  |  select  |      0|  0|  32|           1|           1|
    |select_ln537_fu_506_p3  |  select  |      0|  0|  32|           1|           1|
    +------------------------+----------+-------+---+----+------------+------------+
    |Total                   |          |      0|  0| 526|         412|         104|
    +------------------------+----------+-------+---+----+------------+------------+

    * Multiplexer: 
    +-----------------------+----+-----------+-----+-----------+
    |          Name         | LUT| Input Size| Bits| Total Bits|
    +-----------------------+----+-----------+-----+-----------+
    |ap_NS_fsm              |  53|         12|    1|         12|
    |ap_done                |   9|          2|    1|          2|
    |data_V_V_blk_n         |   9|          2|    1|          2|
    |i0_0_reg_244           |   9|          2|    6|         12|
    |i1_0_reg_255           |   9|          2|    6|         12|
    |i2_0_reg_266           |   9|          2|    3|          6|
    |i_0_reg_289            |   9|          2|    3|          6|
    |i_ih_0_reg_233         |   9|          2|   10|         20|
    |layer_in_V_5_address0  |  15|          3|    7|         21|
    |layer_in_V_5_ce0       |  15|          3|    1|          3|
    |layer_in_V_5_we0       |   9|          2|    1|          2|
    |pX                     |   9|          2|   32|         64|
    |pY                     |   9|          2|   32|         64|
    |pool_V_address0        |  21|          4|    2|          8|
    |real_start             |   9|          2|    1|          2|
    |res_V_V_blk_n          |   9|          2|    1|          2|
    |sX                     |   9|          2|   32|         64|
    |storemerge_reg_300     |   9|          2|   32|         64|
    |tmp_V_reg_278          |   9|          2|   16|         32|
    |tmpdata_V_address0     |  15|          3|    5|         15|
    |tmpdata_V_ce0          |  15|          3|    1|          3|
    +-----------------------+----+-----------+-----+-----------+
    |Total                  | 269|         58|  194|        416|
    +-----------------------+----+-----------+-----+-----------+

    * Register: 
    +-----------------------------------------------------------------------------+----+----+-----+-----------+
    |                                     Name                                    | FF | LUT| Bits| Const Bits|
    +-----------------------------------------------------------------------------+----+----+-----+-----------+
    |and_ln498_2_reg_694                                                          |   1|   0|    1|          0|
    |ap_CS_fsm                                                                    |  11|   0|   11|          0|
    |ap_done_reg                                                                  |   1|   0|    1|          0|
    |grp_cnnshift_arr_ap_fixed_ap_fixed_16_4_5_3_0_config8_s_fu_311_ap_start_reg  |   1|   0|    1|          0|
    |i0_0_reg_244                                                                 |   6|   0|    6|          0|
    |i1_0_reg_255                                                                 |   6|   0|    6|          0|
    |i1_reg_706                                                                   |   6|   0|    6|          0|
    |i2_0_reg_266                                                                 |   3|   0|    3|          0|
    |i2_reg_726                                                                   |   3|   0|    3|          0|
    |i_0_reg_289                                                                  |   3|   0|    3|          0|
    |i_ih_0_reg_233                                                               |  10|   0|   10|          0|
    |i_ih_reg_649                                                                 |  10|   0|   10|          0|
    |i_reg_749                                                                    |   3|   0|    3|          0|
    |icmp_ln498_1_reg_677                                                         |   1|   0|    1|          0|
    |icmp_ln498_reg_667                                                           |   1|   0|    1|          0|
    |icmp_ln522_reg_711                                                           |   1|   0|    1|          0|
    |pX                                                                           |  32|   0|   32|          0|
    |pX_load_reg_688                                                              |  32|   0|   32|          0|
    |pY                                                                           |  32|   0|   32|          0|
    |pY_load_reg_682                                                              |  32|   0|   32|          0|
    |sX                                                                           |  32|   0|   32|          0|
    |sX_load_reg_662                                                              |  32|   0|   32|          0|
    |sY                                                                           |  32|   0|   32|          0|
    |sY_load_reg_672                                                              |  32|   0|   32|          0|
    |start_once_reg                                                               |   1|   0|    1|          0|
    |storemerge_reg_300                                                           |  32|   0|   32|          0|
    |tmp_V_reg_278                                                                |  16|   0|   16|          0|
    |zext_ln500_reg_698                                                           |   6|   0|    7|          1|
    +-----------------------------------------------------------------------------+----+----+-----+-----------+
    |Total                                                                        | 378|   0|  379|          1|
    +-----------------------------------------------------------------------------+----+----+-----+-----------+



================================================================
== Interface
================================================================
* Summary: 
+------------------+-----+-----+------------+------------------------------------------------------------+--------------+
|     RTL Ports    | Dir | Bits|  Protocol  |                        Source Object                       |    C Type    |
+------------------+-----+-----+------------+------------------------------------------------------------+--------------+
|ap_clk            |  in |    1| ap_ctrl_hs | pooling2d_large_cl_nopad_pad_me<ap_fixed,ap_fixed,config8> | return value |
|ap_rst            |  in |    1| ap_ctrl_hs | pooling2d_large_cl_nopad_pad_me<ap_fixed,ap_fixed,config8> | return value |
|ap_start          |  in |    1| ap_ctrl_hs | pooling2d_large_cl_nopad_pad_me<ap_fixed,ap_fixed,config8> | return value |
|start_full_n      |  in |    1| ap_ctrl_hs | pooling2d_large_cl_nopad_pad_me<ap_fixed,ap_fixed,config8> | return value |
|ap_done           | out |    1| ap_ctrl_hs | pooling2d_large_cl_nopad_pad_me<ap_fixed,ap_fixed,config8> | return value |
|ap_continue       |  in |    1| ap_ctrl_hs | pooling2d_large_cl_nopad_pad_me<ap_fixed,ap_fixed,config8> | return value |
|ap_idle           | out |    1| ap_ctrl_hs | pooling2d_large_cl_nopad_pad_me<ap_fixed,ap_fixed,config8> | return value |
|ap_ready          | out |    1| ap_ctrl_hs | pooling2d_large_cl_nopad_pad_me<ap_fixed,ap_fixed,config8> | return value |
|start_out         | out |    1| ap_ctrl_hs | pooling2d_large_cl_nopad_pad_me<ap_fixed,ap_fixed,config8> | return value |
|start_write       | out |    1| ap_ctrl_hs | pooling2d_large_cl_nopad_pad_me<ap_fixed,ap_fixed,config8> | return value |
|data_V_V_dout     |  in |   16|   ap_fifo  |                          data_V_V                          |    pointer   |
|data_V_V_empty_n  |  in |    1|   ap_fifo  |                          data_V_V                          |    pointer   |
|data_V_V_read     | out |    1|   ap_fifo  |                          data_V_V                          |    pointer   |
|res_V_V_din       | out |   16|   ap_fifo  |                           res_V_V                          |    pointer   |
|res_V_V_full_n    |  in |    1|   ap_fifo  |                           res_V_V                          |    pointer   |
|res_V_V_write     | out |    1|   ap_fifo  |                           res_V_V                          |    pointer   |
+------------------+-----+-----+------------+------------------------------------------------------------+--------------+

