

================================================================
== Vivado HLS Report for 'sigmoid_me_ap_fixed_ap_fixed_sigmoid_config19_s'
================================================================
* Date:           Fri Aug  5 17:07:13 2022

* Version:        2019.2 (Build 2704478 on Wed Nov 06 22:10:23 MST 2019)
* Project:        myproject_prj
* Solution:       solution1
* Product family: kintexu
* Target device:  xcku115-flvb2104-2-i


================================================================
== Performance Estimates
================================================================
+ Timing: 
    * Summary: 
    +--------+---------+----------+------------+
    |  Clock |  Target | Estimated| Uncertainty|
    +--------+---------+----------+------------+
    |ap_clk  | 5.00 ns | 3.903 ns |   0.62 ns  |
    +--------+---------+----------+------------+

+ Latency: 
    * Summary: 
    +---------+---------+----------+----------+-----+-----+---------+
    |  Latency (cycles) |  Latency (absolute) |  Interval | Pipeline|
    |   min   |   max   |    min   |    max   | min | max |   Type  |
    +---------+---------+----------+----------+-----+-----+---------+
    |       21|       21| 0.105 us | 0.105 us |   21|   21|   none  |
    +---------+---------+----------+----------+-----+-----+---------+

    + Detail: 
        * Instance: 
        N/A

        * Loop: 
        +------------------+---------+---------+----------+-----------+-----------+------+----------+
        |                  |  Latency (cycles) | Iteration|  Initiation Interval  | Trip |          |
        |     Loop Name    |   min   |   max   |  Latency |  achieved |   target  | Count| Pipelined|
        +------------------+---------+---------+----------+-----------+-----------+------+----------+
        |- SigmoidActLoop  |       20|       20|         4|          -|          -|     5|    no    |
        +------------------+---------+---------+----------+-----------+-----------+------+----------+



================================================================
== Utilization Estimates
================================================================
* Summary: 
+---------------------+---------+-------+---------+--------+-----+
|         Name        | BRAM_18K| DSP48E|    FF   |   LUT  | URAM|
+---------------------+---------+-------+---------+--------+-----+
|DSP                  |        -|      -|        -|       -|    -|
|Expression           |        -|      -|        0|     136|    -|
|FIFO                 |        -|      -|        -|       -|    -|
|Instance             |        -|      -|        -|       -|    -|
|Memory               |        1|      -|        0|       0|    -|
|Multiplexer          |        -|      -|        -|      69|    -|
|Register             |        -|      -|       36|       -|    -|
+---------------------+---------+-------+---------+--------+-----+
|Total                |        1|      0|       36|     205|    0|
+---------------------+---------+-------+---------+--------+-----+
|Available SLR        |     2160|   2760|   663360|  331680|    0|
+---------------------+---------+-------+---------+--------+-----+
|Utilization SLR (%)  |    ~0   |      0|    ~0   |   ~0   |  100|
+---------------------+---------+-------+---------+--------+-----+
|Available            |     4320|   5520|  1326720|  663360|    0|
+---------------------+---------+-------+---------+--------+-----+
|Utilization (%)      |    ~0   |      0|    ~0   |   ~0   |    0|
+---------------------+---------+-------+---------+--------+-----+

+ Detail: 
    * Instance: 
    N/A

    * DSP48E: 
    N/A

    * Memory: 
    +------------------+--------------------------------------------------------------+---------+---+----+-----+------+-----+------+-------------+
    |      Memory      |                            Module                            | BRAM_18K| FF| LUT| URAM| Words| Bits| Banks| W*Bits*Banks|
    +------------------+--------------------------------------------------------------+---------+---+----+-----+------+-----+------+-------------+
    |sigmoid_table1_U  |sigmoid_me_ap_fixed_ap_fixed_sigmoid_config19_s_sigmoid_tgi9  |        1|  0|   0|    0|  1024|   10|     1|        10240|
    +------------------+--------------------------------------------------------------+---------+---+----+-----+------+-----+------+-------------+
    |Total             |                                                              |        1|  0|   0|    0|  1024|   10|     1|        10240|
    +------------------+--------------------------------------------------------------+---------+---+----+-----+------+-----+------+-------------+

    * FIFO: 
    N/A

    * Expression: 
    +------------------------+----------+-------+---+----+------------+------------+
    |      Variable Name     | Operation| DSP48E| FF| LUT| Bitwidth P0| Bitwidth P1|
    +------------------------+----------+-------+---+----+------------+------------+
    |i_fu_133_p2             |     +    |      0|  0|  11|           3|           1|
    |index_fu_206_p2         |     +    |      0|  0|  18|          10|          11|
    |ret_V_fu_185_p2         |     +    |      0|  0|  18|           1|          11|
    |icmp_ln148_fu_127_p2    |   icmp   |      0|  0|   9|           3|           3|
    |icmp_ln851_fu_179_p2    |   icmp   |      0|  0|  13|          12|           1|
    |p_Result_s_fu_161_p2    |   icmp   |      0|  0|  20|          26|           5|
    |ap_block_state1         |    or    |      0|  0|   2|           1|           1|
    |ap_block_state2         |    or    |      0|  0|   2|           1|           1|
    |select_ln160_fu_226_p3  |  select  |      0|  0|  10|           1|           2|
    |select_ln850_fu_196_p3  |  select  |      0|  0|  11|           1|          11|
    |select_ln851_fu_191_p3  |  select  |      0|  0|  11|           1|          11|
    |xor_ln158_fu_212_p2     |    xor   |      0|  0|  11|          10|          11|
    +------------------------+----------+-------+---+----+------------+------------+
    |Total                   |          |      0|  0| 136|          70|          69|
    +------------------------+----------+-------+---+----+------------+------------+

    * Multiplexer: 
    +---------------------+----+-----------+-----+-----------+
    |         Name        | LUT| Input Size| Bits| Total Bits|
    +---------------------+----+-----------+-----+-----------+
    |ap_NS_fsm            |  33|          6|    1|          6|
    |ap_done              |   9|          2|    1|          2|
    |data_V_V_blk_n       |   9|          2|    1|          2|
    |i_0_reg_116          |   9|          2|    3|          6|
    |res_V_V_TDATA_blk_n  |   9|          2|    1|          2|
    +---------------------+----+-----------+-----+-----------+
    |Total                |  69|         14|    7|         18|
    +---------------------+----+-----------+-----+-----------+

    * Register: 
    +--------------------+----+----+-----+-----------+
    |        Name        | FF | LUT| Bits| Const Bits|
    +--------------------+----+----+-----+-----------+
    |ap_CS_fsm           |   5|   0|    5|          0|
    |ap_done_reg         |   1|   0|    1|          0|
    |i_0_reg_116         |   3|   0|    3|          0|
    |i_reg_255           |   3|   0|    3|          0|
    |icmp_ln851_reg_271  |   1|   0|    1|          0|
    |p_Result_s_reg_266  |   1|   0|    1|          0|
    |ret_V_reg_276       |  11|   0|   11|          0|
    |sext_ln835_reg_260  |  11|   0|   11|          0|
    +--------------------+----+----+-----+-----------+
    |Total               |  36|   0|   36|          0|
    +--------------------+----+----+-----+-----------+



================================================================
== Interface
================================================================
* Summary: 
+------------------+-----+-----+------------+------------------------------------------------+--------------+
|     RTL Ports    | Dir | Bits|  Protocol  |                  Source Object                 |    C Type    |
+------------------+-----+-----+------------+------------------------------------------------+--------------+
|ap_clk            |  in |    1| ap_ctrl_hs | sigmoid_me<ap_fixed,ap_fixed,sigmoid_config19> | return value |
|ap_rst            |  in |    1| ap_ctrl_hs | sigmoid_me<ap_fixed,ap_fixed,sigmoid_config19> | return value |
|ap_start          |  in |    1| ap_ctrl_hs | sigmoid_me<ap_fixed,ap_fixed,sigmoid_config19> | return value |
|ap_done           | out |    1| ap_ctrl_hs | sigmoid_me<ap_fixed,ap_fixed,sigmoid_config19> | return value |
|ap_continue       |  in |    1| ap_ctrl_hs | sigmoid_me<ap_fixed,ap_fixed,sigmoid_config19> | return value |
|ap_idle           | out |    1| ap_ctrl_hs | sigmoid_me<ap_fixed,ap_fixed,sigmoid_config19> | return value |
|ap_ready          | out |    1| ap_ctrl_hs | sigmoid_me<ap_fixed,ap_fixed,sigmoid_config19> | return value |
|data_V_V_dout     |  in |   16|   ap_fifo  |                    data_V_V                    |    pointer   |
|data_V_V_empty_n  |  in |    1|   ap_fifo  |                    data_V_V                    |    pointer   |
|data_V_V_read     | out |    1|   ap_fifo  |                    data_V_V                    |    pointer   |
|res_V_V_TDATA     | out |   16|    axis    |                     res_V_V                    |    pointer   |
|res_V_V_TVALID    | out |    1|    axis    |                     res_V_V                    |    pointer   |
|res_V_V_TREADY    |  in |    1|    axis    |                     res_V_V                    |    pointer   |
+------------------+-----+-----+------------+------------------------------------------------+--------------+

